# serializer version: 1
# name: test_is_builtin
  '''
  class C:
      items: list[int]
  
      def __init__(self, x: int) -> None:
          self.items = [x]
  
      def bye(self) -> None:
          print("bye")
  
      def add(self, x: int) -> None:
          self.items.append(x)
  
  
  def hi() -> None:
      print("hi")
  
  
  def add(a: int, b: int) -> int:
      return a + b
  
  
  def main() -> int:
      a: list[int] = list()
      i = ord("a")
      print(i)
      hi()
      a.append(i)
      c = C(i)
      c.bye()
      c.add(i)
  
      num1 = 10
      num2 = 20
      return add(num1, num2)
  
  ("print('bye')", 'builtin')
  ('self.items.append(x)', 'builtin')
  ("print('hi')", 'builtin')
  ('list()', 'builtin')
  ("ord('a')", 'builtin')
  ('print(i)', 'builtin')
  ('hi()', 'user-defined')
  ('a.append(i)', 'builtin')
  ('C(i)', 'user-defined')
  ('c.bye()', 'user-defined')
  ('c.add(i)', 'user-defined')
  ('add(num1, num2)', 'user-defined')
  '''
# ---
