# serializer version: 1
# name: test_error_message[aliasing_arguments.py]
  '''
  aliasing_arguments.py:6:5: error: `matrix[0]` and `matrix[0][0]` could alias, and aliasing is not permitted for mutable parameters
  
    6 |     mutate(matrix[0], matrix[0][0])
      |     ^^^^^^^^^^^^^^^^^^^^^^^^^^^^^^^
  
    help: pass a copy so they can't alias:
            mutate(matrix[0], copy(matrix[0][0]))
  
  '''
# ---
# name: test_error_message[aliasing_arguments_builtin.py]
  '''
  aliasing_arguments_builtin.py:2:5: error: `l` and `l[0]` could alias, and aliasing is not permitted for mutable parameters
  
    2 |     l.append(l[0])
      |     ^^^^^^^^^^^^^^
  
    help: pass a copy so they can't alias:
            l.append(copy(l[0]))
  
  '''
# ---
# name: test_error_message[aliasing_loop_container.py]
  '''
  aliasing_loop_container.py:3:9: error: `items` could alias `items`, which this loop is iterating
  
    3 |         items.append(1)
      |         ^^^^^
  
    help: iterate a copy so mutating it inside the loop can't alias:
            copy(items)
  
  '''
# ---
# name: test_error_message[chained_assignment.py]
  '''
  chained_assignment.py:2:5: error: assigning to multiple targets in one statement is not supported
  
    2 |     a = b = [1, 2, 3]
      |     ^^^^^^^^^^^^^^^^^
  
    help: assign the value once, then copy it to the rest:
            a = [1, 2, 3]
            b = a
  
  '''
# ---
# name: test_error_message[class_body.py]
  '''
  class_body.py:4:5: error: only attributes and methods are supported in a class body
  
    4 |     print("building the class")
      |     ^^^^^^^^^^^^^^^^^^^^^^^^^^^
  
    help: move anything else outside the class
  
  '''
# ---
# name: test_error_message[class_inheritance.py]
  '''
  class_inheritance.py:6:1: error: a base class is not supported
  
    6 | class Square(Shape):
      | ^^^^^^^^^^^^^^^^^^^^
  
    help: give the class its own copy of what it needs:
            class Square:
                def __init__(self, value: int) -> None:
                    self.value = value
  
  '''
# ---
# name: test_error_message[class_variable.py]
  '''
  class_variable.py:2:5: error: a class level value is not supported
  
    2 |     kind: str = "point"
      |     ^^^^^^^^^^^^^^^^^^^
  
    help: every attribute is per instance, so set it in __init__:
            def __init__(self) -> None:
                self.kind = 'point'
  
  '''
# ---
# name: test_error_message[compound_assign_op.py]
  '''
  compound_assign_op.py:3:5: error: `//=` is not supported
  
    3 |     x //= 2
      |     ^^^^^^^
  
    help: compute the target once, then write it out normally:
            x = x // (2)
  
  '''
# ---
# name: test_error_message[dict_unpacking.py]
  '''
  dict_unpacking.py:3:14: error: `**` unpacking in a dict literal is not supported
  
    3 |     merged = {**base, "b": 2}
      |              ^^^^^^^^^^^^^^^^
  
    help: copy the entries across in a loop:
            merged = {'b': 2}
            for key in base:
                merged[key] = base[key]
  
  '''
# ---
# name: test_error_message[error_after_tree_transform.py]
  '''
  error_after_tree_transform.py:5:5: error: position-check marker found here
  
    5 |     a[marker(0)] = 1
      |     ^^^^^^^^^^^^^^^^
  
    help: test marker - remove once the position check has run
  
  '''
# ---
# name: test_error_message[error_after_tree_transform_comprehension.py]
  '''
  error_after_tree_transform_comprehension.py:5:12: error: position-check marker found here
  
    5 |     return [marker(x) for x in xs]
      |            ^^^^^^^^^^^^^^^^^^^^^^^
  
    help: test marker - remove once the position check has run
  
  '''
# ---
# name: test_error_message[except_star.py]
  '''
  except_star.py:4:13: error: `except*` groups are not supported
  
    4 |     except* ValueError as error:
      |             ^^^^^^^^^^
  
    help: use a plain except clause:
            except ValueError as error:
  
  '''
# ---
# name: test_error_message[except_tuple.py]
  '''
  except_tuple.py:4:12: error: an except clause takes a single exception class
  
    4 |     except (ValueError, KeyError):
      |            ^^^^^^^^^^^^^^^^^^^^^^
  
    help: write one clause per class:
            except ValueError:
                ...
            except KeyError:
                ...
  
  '''
# ---
# name: test_error_message[exception_arguments.py]
  '''
  exception_arguments.py:2:11: error: an exception takes a single message
  
    2 |     raise ValueError("first", "second")
      |           ^^^^^^^^^^^^^^^^^^^^^^^^^^^^^
  
    help: join the parts into one string:
            raise ValueError('first' + 'second')
  
  '''
# ---
# name: test_error_message[generator_expression.py]
  '''
  generator_expression.py:3:16: error: generator expressions are not supported
  
    3 |     total = sum(v * 2 for v in values)
      |                ^^^^^^^^^^^^^^^^^^^^^^^
  
    help: wrap it in a list, which is built in one go rather than lazily:
            total = sum([(v * 2) for v in values])
  
  '''
# ---
# name: test_error_message[identity_comparison.py]
  '''
  identity_comparison.py:4:8: error: `is` doesn't make sense once compiled to C++
  
    4 |     if a is b:
      |        ^^^^^^
  
    help: every value is independent once compiled, so there's no separate notion of identity - use == if you meant to compare values:
            a == b
  
  '''
# ---
# name: test_error_message[missing_copy.py]
  '''
  missing_copy.py:2:5: error: `a` needs an explicit copy here
  
    2 |     return a
      |     ^^^^^^^^
  
    help: wrap it in copy():
            copy(a)
  
  '''
# ---
# name: test_error_message[mixed_bool_op.py]
  '''
  mixed_bool_op.py:6:13: error: `or` on unrelated types has no single C++ type
  
    6 |     label = count() or "none"
      |             ^^^^^^^^^^^^^^^^^
  
    help: `or` returns one of its operands, so both sides need the same type.
            Use it directly in a condition instead:
            if count() or 'none':
  
  '''
# ---
# name: test_error_message[negative_index.py]
  '''
  negative_index.py:3:18: error: a negative index other than -1 is not supported
  
    3 |     print(values[-2])
      |                  ^^
  
    help: index from the front instead:
            values[len(values) - 2]
  
  '''
# ---
# name: test_error_message[non_scalar_global.py]
  '''
  non_scalar_global.py:1:1: error: `values` is a global of a non-scalar type
  
    1 | values: list[int] = [1, 2, 3]
      | ^^^^^^
  
    help: only scalars are allowed at module scope - move it inside a class, threaded through self/parameters instead
  
  '''
# ---
# name: test_error_message[object_element.py]
  '''
  object_element.py:2:15: error: Type of expression is inferred as `list[object]` which contains `object`. This cannot be translated to C++.
  
    2 |     print(any([False, True]))
      |               ^^^^^^^^^^^^^
  
    help: Everything must have strictly one type only. There may be multiple different types being assigned to the field with type `object`. You can give this expression a type annotation to help you catch the error.
  
  '''
# ---
# name: test_error_message[raise_from.py]
  '''
  raise_from.py:5:9: error: chaining exceptions with `from` is not supported
  
    5 |         raise KeyError("missing") from error
      |         ^^^^^^^^^^^^^^^^^^^^^^^^^^^^^^^^^^^^
  
    help: raise the new exception on its own:
            raise KeyError('missing')
  
  '''
# ---
# name: test_error_message[range_start_side_effect.py]
  '''
  range_start_side_effect.py:6:20: error: a function call in range()'s start argument is not supported
  
    6 |     for i in range(get_start(), 10):
      |                    ^^^^^^^^^^^
  
    help: evaluate it into a variable first, so it runs before range()'s other arguments do:
            start = get_start()
            for i in range(start, 10):
  
  '''
# ---
# name: test_error_message[return_in_finally.py]
  '''
  return_in_finally.py:5:9: error: `return` inside `finally` is not supported
  
    5 |         return 2
      |         ^^^^^^^^
  
    help: return after the try statement instead:
            try:
                ...
            finally:
                cleanup()
            return result
  
  '''
# ---
# name: test_error_message[slice_assignment.py]
  '''
  slice_assignment.py:4:5: error: assigning to a slice is not supported
  
    4 |     values[0:2] = updates
      |     ^^^^^^^^^^^
  
    help: assign the target elements one by one instead:
            values[0] = updates[0]
            values[0 + 1] = updates[1]
  
  '''
# ---
# name: test_error_message[stale_loop_variable.py]
  '''
  stale_loop_variable.py:4:11: error: `i` is read after the `for` loop that bound it has ended
  
    4 |     print(i)
      |           ^
  
    help: C++'s for loop leaves its counter one past the last value used, unlike Python, so this would read a different value here. Assign it to another variable inside the loop body instead:
            for i in range(5):
                i_last = i
            print(i_last)
  
  '''
# ---
# name: test_error_message[starred_assignment.py]
  '''
  starred_assignment.py:3:5: error: Can't use desugaring assignment on a list.
  
    3 |     first, *rest = values
      |     ^^^^^^^^^^^^^^^^^^^^^
  
    help: Assign the right hand side elements one by one.
  
  starred_assignment.py:3:12: error: a starred assignment target is not supported
  
    3 |     first, *rest = values
      |            ^^^^^
  
    help: take the parts by slicing instead:
            first = values[0]
            rest = values[1:]
  
  '''
# ---
# name: test_error_message[tuple_index.py]
  '''
  tuple_index.py:4:16: error: a tuple can only be indexed by an integer literal
  
    4 |     print(pair[i])
      |                ^
  
    help: a tuple holds a different type at each position, so the position has to be known at compile time.
            Index it with a literal:
            pair[0]
            or hold the values in a list, where every element has one type:
            pair = [1, 2]
            print(pair[i])
  
  '''
# ---
# name: test_error_message[unsupported_exception.py]
  '''
  unsupported_exception.py:4:12: error: `LookupError` has no C++ equivalent
  
    4 |     except LookupError:
      |            ^^^^^^^^^^^
  
    help: use one of: AssertionError, BaseException, Exception, FileNotFoundError, IndexError, KeyError, TypeError, ValueError
            a base class like LookupError has to be spelled as the concrete classes it covers
  
  '''
# ---
# name: test_error_message[unsupported_type.py]
  '''
  unsupported_type.py:6:5: error: no C++ equivalent for the type `def (a: int, b: int) -> int`
  
    6 |     operation = add
      |     ^^^^^^^^^
  
    help: a function cannot be stored in a variable, call it where it is needed instead:
            print(add(1, 2))
  
  '''
# ---
