# serializer version: 1
# name: test_index_transform_snapshot
  '''
  def read(a: list[int], i: int) -> int:
      return a.__getitem__(i)
  def write(a: list[int], i: int, v: int) -> None:
      a.__setitem__(i, v)
  def last(a: list[int]) -> int:
      return a.__getitem__(-1)
  def set_last(a: list[int], v: int) -> None:
      a.__setitem__(-1, v)
  def slice_full(a: list[int]) -> list[int]:
      return a.__getslice__(slice(1, 3, None))
  def slice_open(a: list[int]) -> list[int]:
      return a.__getslice__(slice(None, 2, None))
  def tuple_index(pair: tuple[int, int]) -> int:
      return pair[0]
  def matrix_get(m: list[list[int]], i: int, j: int) -> int:
      return m.__getitem__(i).__getitem__(j)
  def matrix_set(m: list[list[int]], i: int, j: int, v: int) -> None:
      m.__getitem__(i).__setitem__(j, v)
  '''
# ---
