# serializer version: 1
# name: test_hand_off_errors
  '''
  program_hand_off_errors.py:2:5: error: `a` needs an explicit copy here
  
    2 |     return a
      |     ^^^^^^^^
  
    help: wrap it in copy():
            copy(a)
  
  program_hand_off_errors.py:7:5: error: `a` needs an explicit copy here
  
    7 |     b = a
      |     ^^^^^
  
    help: wrap it in copy():
            copy(a)
  
  program_hand_off_errors.py:19:5: error: `b.value` needs an explicit copy here
  
    19 |     return b.value
       |     ^^^^^^^^^^^^^^
  
    help: wrap it in copy():
            copy(b.value)
  
  '''
# ---
